// Vitest Snapshot v1, https://vitest.dev/guide/snapshot.html

exports[`buildPodmanPlayCommand — snapshot and secret handling > secrets stay on one env-prefixed line (snapshot) 1`] = `"export HISTFILE=/dev/null HISTSIZE=0; env POD_AUTH_SECRET='bbbbbbbbbbbbbbbbbbbbbbbbbbbbbbbbbbbbbbbbbbbbbbbbbbbbbbbbbbbbbbbb' EDGE_PRIVATE_KEY_HEX='aaaaaaaaaaaaaaaaaaaaaaaaaaaaaaaaaaaaaaaaaaaaaaaaaaaaaaaaaaaaaaaa' EDGE_POD_ID='11111111-2222-4333-8444-555555555555' SSO_ATTESTATION_JWT='eyJhbGciOiJIUzI1NiIsInR5cCI6IkpXVCJ9.eyJzdWIiOiJ1c2VyIn0.signature' CERT_TTL_SECONDS='86400' envsubst < /tmp/beap-pod-remote-edge.yaml | podman play kube -"`;
