// Vitest Snapshot v1, https://vitest.dev/guide/snapshot.html

exports[`EmailAccountEdgeFetchRow state snapshots > matches snapshot for active 1`] = `"<div class="edge-fetch-row" data-testid="edge-fetch-row-acct-1" data-state="active"><div class="edge-fetch-row-meta"><span class="edge-fetch-row-label">Fetched by</span><strong data-testid="edge-fetch-fetched-by">Edge VM</strong></div><div class="edge-fetch-row-actions"><button type="button" data-testid="edge-fetch-view-status">View status</button><button type="button" data-testid="edge-fetch-move-back">Move back to this computer</button></div></div>"`;

exports[`EmailAccountEdgeFetchRow state snapshots > matches snapshot for awaiting_key 1`] = `"<div class="edge-fetch-row" data-testid="edge-fetch-row-acct-1" data-state="awaiting_key"><div class="edge-fetch-row-meta"><span class="edge-fetch-row-label">Fetched by</span><strong data-testid="edge-fetch-fetched-by">Edge (connecting…)</strong><span class="edge-fetch-row-progress" data-testid="edge-fetch-progress">⏳ Reconnecting…</span></div><div class="edge-fetch-row-actions"><span class="edge-fetch-row-spinner" data-testid="edge-fetch-spinner">⏳ Reconnecting…</span></div></div>"`;

exports[`EmailAccountEdgeFetchRow state snapshots > matches snapshot for degraded 1`] = `"<div class="edge-fetch-row" data-testid="edge-fetch-row-acct-1" data-state="degraded"><div class="edge-fetch-row-meta"><span class="edge-fetch-row-label">Fetched by</span><strong data-testid="edge-fetch-fetched-by">Edge (needs attention)</strong><span class="edge-fetch-row-detail">Edge fetch paused — re-authorize to resume.</span><span class="edge-fetch-row-error" data-testid="edge-fetch-last-error">refresh_token_rejected</span></div><div class="edge-fetch-row-actions"><button type="button" class="edge-fetch-btn-highlight" data-testid="edge-fetch-reauthorize">Re-authorize</button></div></div>"`;

exports[`EmailAccountEdgeFetchRow state snapshots > matches snapshot for migrating 1`] = `"<div class="edge-fetch-row" data-testid="edge-fetch-row-acct-1" data-state="migrating"><div class="edge-fetch-row-meta"><span class="edge-fetch-row-label">Fetched by</span><strong data-testid="edge-fetch-fetched-by">Edge (setting up…)</strong><span class="edge-fetch-row-progress" data-testid="edge-fetch-progress">⏳ Migrating to edge…</span></div><div class="edge-fetch-row-actions"><span class="edge-fetch-row-spinner" data-testid="edge-fetch-spinner">⏳ Migrating to edge…</span></div></div>"`;

exports[`EmailAccountEdgeFetchRow state snapshots > matches snapshot for migrating_back 1`] = `"<div class="edge-fetch-row" data-testid="edge-fetch-row-acct-1" data-state="migrating_back"><div class="edge-fetch-row-meta"><span class="edge-fetch-row-label">Fetched by</span><strong data-testid="edge-fetch-fetched-by">This computer (restoring…)</strong><span class="edge-fetch-row-progress" data-testid="edge-fetch-progress">⏳ Moving back to this computer…</span></div><div class="edge-fetch-row-actions"><span class="edge-fetch-row-spinner" data-testid="edge-fetch-spinner">⏳ Moving back to this computer…</span></div></div>"`;

exports[`EmailAccountEdgeFetchRow state snapshots > matches snapshot for not_on_edge 1`] = `"<div class="edge-fetch-row" data-testid="edge-fetch-row-acct-1" data-state="not_on_edge"><div class="edge-fetch-row-meta"><span class="edge-fetch-row-label">Fetched by</span><strong data-testid="edge-fetch-fetched-by">This computer</strong></div><div class="edge-fetch-row-actions"><span><button type="button" data-testid="edge-fetch-move-to-edge">Move to edge</button></span></div></div>"`;
