// Vitest Snapshot v1, https://vitest.dev/guide/snapshot.html

exports[`SSH credential consumer registry > matches snapshot — update deliberately when adding a new credential holder 1`] = `
[
  "edge-tier/globalActions.ts",
  "edge-tier/globalActionsIpc.ts",
  "edge-tier/replicaActions.ts",
  "edge-tier/replicaActionsIpc.ts",
  "email/edgeFetch/supervisorPoll.ts",
  "security/secureMemory.ts",
  "security/sshSecretBuffers.ts",
  "security/zeroize.ts",
  "wizard/handlers.ts",
  "wizard/ipc.ts",
  "wizard/sshSession.ts",
]
`;
